// Jest Snapshot v1, https://goo.gl/fbAQLP

exports[`Container should match Container snapshot 1`] = `
<Fragment>
  <article
    className="Container"
  >
    <Connect(ArtworkResult)
      id={12}
      isLoaded={false}
      key="12"
    />
    <Connect(ArtworkResult)
      id={13}
      isLoaded={false}
      key="13"
    />
    <Connect(ArtworkResult)
      id={15}
      isLoaded={false}
      key="15"
    />
  </article>
</Fragment>
`;
