// Jest Snapshot v1, https://goo.gl/fbAQLP

exports[`App should match App snapshot 1`] = `
<main
  className="App"
>
  <Connect(Nav) />
  <Route
    exact={true}
    path="(|search/:id)"
    render={[Function]}
  />
  <Route
    path="(|search/:id)"
    render={[Function]}
  />
  <Route
    path="/(search|favorites)/:id"
    render={[Function]}
  />
  <Route
    render={[Function]}
  />
</main>
`;
